// Jest Snapshot v1, https://goo.gl/fbAQLP

exports[`Test SYNC with Tags Light Devices 1`] = `
Object {
  "devices": Array [
    Object {
      "attributes": Object {},
      "customData": Object {
        "deviceType": "action.devices.types.LIGHT",
        "itemType": "Switch",
        "tfaAck": undefined,
        "tfaPin": undefined,
      },
      "deviceInfo": Object {
        "hwVersion": "2.5.0",
        "manufacturer": "openHAB",
        "model": "Switch",
        "swVersion": "2.5.0",
      },
      "id": "MySwitch",
      "name": Object {
        "defaultNames": Array [
          "SwitchLight",
        ],
        "name": "SwitchLight",
        "nicknames": Array [
          "SwitchLight",
        ],
      },
      "roomHint": undefined,
      "structureHint": undefined,
      "traits": Array [
        "action.devices.traits.OnOff",
      ],
      "type": "action.devices.types.LIGHT",
      "willReportState": false,
    },
    Object {
      "attributes": Object {},
      "customData": Object {
        "deviceType": "action.devices.types.LIGHT",
        "itemType": "Dimmer",
        "tfaAck": undefined,
        "tfaPin": undefined,
      },
      "deviceInfo": Object {
        "hwVersion": "2.5.0",
        "manufacturer": "openHAB",
        "model": "Dimmer",
        "swVersion": "2.5.0",
      },
      "id": "MyDimmer",
      "name": Object {
        "defaultNames": Array [
          "DimmLight",
        ],
        "name": "DimmLight",
        "nicknames": Array [
          "DimmLight",
        ],
      },
      "roomHint": undefined,
      "structureHint": undefined,
      "traits": Array [
        "action.devices.traits.OnOff",
        "action.devices.traits.Brightness",
      ],
      "type": "action.devices.types.LIGHT",
      "willReportState": false,
    },
    Object {
      "attributes": Object {
        "colorModel": "hsv",
      },
      "customData": Object {
        "deviceType": "action.devices.types.LIGHT",
        "itemType": "Color",
        "tfaAck": undefined,
        "tfaPin": undefined,
      },
      "deviceInfo": Object {
        "hwVersion": "2.5.0",
        "manufacturer": "openHAB",
        "model": "Color",
        "swVersion": "2.5.0",
      },
      "id": "MyLight",
      "name": Object {
        "defaultNames": Array [
          "ColorLight",
        ],
        "name": "ColorLight",
        "nicknames": Array [
          "ColorLight",
        ],
      },
      "roomHint": undefined,
      "structureHint": undefined,
      "traits": Array [
        "action.devices.traits.OnOff",
        "action.devices.traits.Brightness",
        "action.devices.traits.ColorSetting",
      ],
      "type": "action.devices.types.LIGHT",
      "willReportState": false,
    },
    Object {
      "attributes": Object {},
      "customData": Object {
        "deviceType": "action.devices.types.LIGHT",
        "itemType": "Switch",
        "tfaAck": undefined,
        "tfaPin": undefined,
      },
      "deviceInfo": Object {
        "hwVersion": "2.5.0",
        "manufacturer": "openHAB",
        "model": "Group",
        "swVersion": "2.5.0",
      },
      "id": "MyLightGroup",
      "name": Object {
        "defaultNames": Array [
          "GroupLight",
        ],
        "name": "GroupLight",
        "nicknames": Array [
          "GroupLight",
        ],
      },
      "roomHint": undefined,
      "structureHint": undefined,
      "traits": Array [
        "action.devices.traits.OnOff",
      ],
      "type": "action.devices.types.LIGHT",
      "willReportState": false,
    },
    Object {
      "attributes": Object {},
      "customData": Object {
        "deviceType": "action.devices.types.LIGHT",
        "itemType": "Dimmer",
        "tfaAck": undefined,
        "tfaPin": undefined,
      },
      "deviceInfo": Object {
        "hwVersion": "2.5.0",
        "manufacturer": "openHAB",
        "model": "Group",
        "swVersion": "2.5.0",
      },
      "id": "MyDimmerGroup",
      "name": Object {
        "defaultNames": Array [
          "GroupDimmer",
        ],
        "name": "GroupDimmer",
        "nicknames": Array [
          "GroupDimmer",
        ],
      },
      "roomHint": undefined,
      "structureHint": undefined,
      "traits": Array [
        "action.devices.traits.OnOff",
        "action.devices.traits.Brightness",
      ],
      "type": "action.devices.types.LIGHT",
      "willReportState": false,
    },
    Object {
      "attributes": Object {
        "colorModel": "hsv",
      },
      "customData": Object {
        "deviceType": "action.devices.types.LIGHT",
        "itemType": "Color",
        "tfaAck": undefined,
        "tfaPin": undefined,
      },
      "deviceInfo": Object {
        "hwVersion": "2.5.0",
        "manufacturer": "openHAB",
        "model": "Group",
        "swVersion": "2.5.0",
      },
      "id": "MyColorGroup",
      "name": Object {
        "defaultNames": Array [
          "GroupColor",
        ],
        "name": "GroupColor",
        "nicknames": Array [
          "GroupColor",
        ],
      },
      "roomHint": undefined,
      "structureHint": undefined,
      "traits": Array [
        "action.devices.traits.OnOff",
        "action.devices.traits.Brightness",
        "action.devices.traits.ColorSetting",
      ],
      "type": "action.devices.types.LIGHT",
      "willReportState": false,
    },
  ],
}
`;
